[dotenv@17.2.3] injecting env (3) from .env -- tip: ≡ƒôí add observability to secrets: https://dotenvx.com/ops
